// Jest Snapshot v1, https://goo.gl/fbAQLP

exports[`Icon render success 1`] = `
<svg
  className="x-icon"
>
  <use
    xlinkHref="#undefined"
  />
</svg>
`;
